../Core/Src/main.c:84:5:main	8	static
../Core/Src/main.c:135:6:SystemClock_Config	128	static
../Core/Src/main.c:191:13:MX_ADC1_Init	48	static
../Core/Src/main.c:257:13:MX_ADC2_Init	32	static
../Core/Src/main.c:314:13:MX_I2C1_Init	8	static
../Core/Src/main.c:362:13:MX_RTC_Init	32	static
../Core/Src/main.c:425:13:MX_TIM1_Init	96	static
../Core/Src/main.c:503:13:MX_TIM2_Init	56	static
../Core/Src/main.c:567:13:MX_TIM8_Init	56	static
../Core/Src/main.c:632:13:MX_USART2_UART_Init	8	static
../Core/Src/main.c:667:13:MX_GPIO_Init	48	static
../Core/Src/main.c:735:6:Error_Handler	4	static,ignoring_inline_asm
